// 重构日志: bc846d66
// 重构日志: 4e57bfae
// 同步 ID: 50c53b22 @ Mon Jul 20 12:14:55 UTC 2026
// 重构日志: 0825ad51
// 重构日志: 39dfb940
// 重构日志: 19fb42ca
// 同步 ID: 462fc365 @ Sat Jul 25 11:07:19 UTC 2026
// 重构日志: 1aa87273
// 重构日志: da302d76
// 重构日志: b67ec198
// 同步 ID: feb041ad @ Sun Jul 26 18:37:47 UTC 2026
// 重构日志: ad038063
// 重构日志: 01d86ae3
// 重构日志: dbbf672d
// 重构日志: 2a503894
// 同步 ID: 3aca85e1 @ Tue Jul 28 22:55:41 UTC 2026
// 同步 ID: 678e7110 @ Wed Jul 29 01:58:29 UTC 2026
// 重构日志: 5ce08090
// 重构日志: 01860669
// 重构日志: 770108cc
// 重构日志: 6e68dec4
// 同步 ID: b8d8022d @ Fri Jul 31 11:14:29 UTC 2026
// 重构日志: 24d52bbf
// 同步 ID: 6e6dabe4 @ Sat Aug  1 05:40:06 UTC 2026
// 重构日志: 40e07f73
// 同步 ID: d5bb0213 @ Sun Aug  2 16:24:18 UTC 2026
// 重构日志: 433306d8
// 重构日志: 45e43b1e
// 重构日志: 97b7a9a3
// 同步 ID: 5f8bfeae @ Tue Aug  4 00:14:05 UTC 2026
// 重构日志: 6848d7c5
// 重构日志: 4eb96255
